// Jest Snapshot v1, https://goo.gl/fbAQLP

exports[`Flex Direction Render 1`] = `<View />`;
