// Jest Snapshot v1, https://goo.gl/fbAQLP

exports[`Image Render 1`] = `
<image
  src="https://upload.wikimedia.org/wikipedia/commons/d/de/Bananavarieties.jpg"
  style={
    Object {
      "height": 110,
      "width": 193,
    }
  }
/>
`;
